// Jest Snapshot v1, https://goo.gl/fbAQLP

exports[`Initial state basics 1`] = `
<View
  accessible={true}
  onResponderGrant={[Function]}
  onResponderMove={[Function]}
  onResponderRelease={[Function]}
  onResponderTerminate={[Function]}
  onResponderTerminationRequest={[Function]}
  onStartShouldSetResponder={[Function]}
  style={
    Object {
      "borderRadius": 4,
      "marginTop": 15,
      "opacity": 1,
    }
  }
>
  <View
    style={
      Object {
        "padding": 10,
      }
    }
  >
    <Text
      accessible={true}
      allowFontScaling={true}
      ellipsizeMode="tail"
      style={
        Object {
          "fontWeight": "500",
        }
      }
    >
      5:30 pm to 6:30 pm 
    </Text>
    <Text
      accessible={true}
      allowFontScaling={true}
      ellipsizeMode="tail"
      style={
        Object {
          "color": "#848A96",
          "fontSize": 13,
        }
      }
    >
      Phone
       
      Interview with
       
      Test Application
    </Text>
  </View>
</View>
`;
