// Jest Snapshot v1, https://goo.gl/fbAQLP

exports[`Initial state basics 1`] = `
<View
  style={
    Object {
      "backgroundColor": "#FFFFFF",
      "borderColor": "#EEEEEE",
      "borderRadius": 4,
      "borderWidth": 1,
      "marginTop": 15,
    }
  }
>
  <Text
    accessible={true}
    allowFontScaling={true}
    ellipsizeMode="tail"
    style={
      Object {
        "borderTopLeftRadius": 4,
        "borderTopRightRadius": 4,
        "padding": 10,
      }
    }
  >
    Here is a note
  </Text>
  <View
    style={
      Object {
        "backgroundColor": "#FCFCFC",
        "borderTopColor": "#EEEEEE",
        "borderTopWidth": 1,
        "flexDirection": "row",
        "marginTop": 5,
        "padding": 10,
        "paddingBottom": 7,
        "paddingTop": 7,
      }
    }
  >
    <Text
      accessible={true}
      allowFontScaling={true}
      ellipsizeMode="tail"
      style={
        Array [
          Object {
            "color": "#90959D",
            "fontSize": 12,
          },
        ]
      }
    >
      Test User
       on 
      Jan 1, 2019
    </Text>
  </View>
</View>
`;
